[dotenv@17.2.3] injecting env (0) from .env -- tip: ≡ƒöÉ prevent building .env in docker: https://dotenvx.com/prebuild
Running test with gemini-1.5-flash and production-like config...
API KEY Present: true
Sending Request...
node : TEST FAILED WITH ERROR:
At line:1 char:1
+ node test-genai.js > test_output.txt 2>&1
+ ~~~~~~~~~~~~~~~~~~~~~~~~~~~~~~~~~~~~~~~~~
    + CategoryInfo          : NotSpecified: 
    (TEST FAILED WITH ERROR::String) [], R  
  emoteException
    + FullyQualifiedErrorId : NativeCommand 
   Error
 
{"error":{"code":400,"message":"API key not 
valid. Please pass a valid API key.","status
":"INVALID_ARGUMENT","details":[{"@type":"ty
pe.googleapis.com/google.rpc.ErrorInfo","rea
son":"API_KEY_INVALID","domain":"googleapis.
com","metadata":{"service":"generativelangua
ge.googleapis.com"}},{"@type":"type.googleap
is.com/google.rpc.LocalizedMessage","locale"
:"en-US","message":"API key not valid. 
Please pass a valid API key."}]}}
Stack: ApiError: 
{"error":{"code":400,"message":"API key not 
valid. Please pass a valid API key.","status
":"INVALID_ARGUMENT","details":[{"@type":"ty
pe.googleapis.com/google.rpc.ErrorInfo","rea
son":"API_KEY_INVALID","domain":"googleapis.
com","metadata":{"service":"generativelangua
ge.googleapis.com"}},{"@type":"type.googleap
is.com/google.rpc.LocalizedMessage","locale"
:"en-US","message":"API key not valid. 
Please pass a valid API key."}]}}
    at throwErrorIfNotOK (file:///M:/copy-of
-agrirent_ading_TRAE_anti/node_modules/@goog
le/genai/dist/node/index.mjs:11382:30)
    at process.processTicksAndRejections 
(node:internal/process/task_queues:105:5)
    at async file:///M:/copy-of-agrirent_adi
ng_TRAE_anti/node_modules/@google/genai/dist
/node/index.mjs:11120:13
    at async Models.generateContent (file://
/M:/copy-of-agrirent_ading_TRAE_anti/node_mo
dules/@google/genai/dist/node/index.mjs:1243
2:24)
    at async run (file:///M:/copy-of-agriren
t_ading_TRAE_anti/test-genai.js:41:26)
